------------------------------------------------------------
TimeQuest Timing Analyzer Summary
------------------------------------------------------------

Type  : Setup 'GCLK0'
Slack : -6.306
TNS   : -55.455

Type  : Setup 'LPM_COUNTER10:inst16|lpm_counter:LPM_COUNTER_component|cntr_r1j:auto_generated|safe_q[0]'
Slack : -5.642
TNS   : -22.568

Type  : Setup 'LPM_COUNTER25:inst23|lpm_counter:LPM_COUNTER_component|cntr_r4k:auto_generated|safe_q[0]'
Slack : -5.563
TNS   : -8.305

Type  : Setup 'LPM_COUNTER10:inst11|lpm_counter:LPM_COUNTER_component|cntr_r1j:auto_generated|safe_q[0]'
Slack : -5.472
TNS   : -21.888

Type  : Setup 'LPM_COUNTER10:inst10|lpm_counter:LPM_COUNTER_component|cntr_r1j:auto_generated|safe_q[0]'
Slack : -5.463
TNS   : -21.852

Type  : Setup 'LPM_COUNTER10:inst17|lpm_counter:LPM_COUNTER_component|cntr_r1j:auto_generated|safe_q[0]'
Slack : -3.538
TNS   : -14.360

Type  : Hold 'LPM_COUNTER10:inst11|lpm_counter:LPM_COUNTER_component|cntr_r1j:auto_generated|safe_q[0]'
Slack : -5.202
TNS   : -17.979

Type  : Hold 'LPM_COUNTER10:inst10|lpm_counter:LPM_COUNTER_component|cntr_r1j:auto_generated|safe_q[0]'
Slack : -4.708
TNS   : -16.003

Type  : Hold 'LPM_COUNTER10:inst16|lpm_counter:LPM_COUNTER_component|cntr_r1j:auto_generated|safe_q[0]'
Slack : -2.951
TNS   : -8.651

Type  : Hold 'GCLK0'
Slack : -1.931
TNS   : -10.078

Type  : Hold 'LPM_COUNTER25:inst23|lpm_counter:LPM_COUNTER_component|cntr_r4k:auto_generated|safe_q[0]'
Slack : 0.961
TNS   : 0.000

Type  : Hold 'LPM_COUNTER10:inst17|lpm_counter:LPM_COUNTER_component|cntr_r1j:auto_generated|safe_q[0]'
Slack : 1.810
TNS   : 0.000

Type  : Minimum Pulse Width 'GCLK0'
Slack : -2.289
TNS   : -2.289

Type  : Minimum Pulse Width 'LPM_COUNTER10:inst10|lpm_counter:LPM_COUNTER_component|cntr_r1j:auto_generated|safe_q[0]'
Slack : -0.198
TNS   : -1.584

Type  : Minimum Pulse Width 'LPM_COUNTER10:inst11|lpm_counter:LPM_COUNTER_component|cntr_r1j:auto_generated|safe_q[0]'
Slack : -0.198
TNS   : -1.584

Type  : Minimum Pulse Width 'LPM_COUNTER25:inst23|lpm_counter:LPM_COUNTER_component|cntr_r4k:auto_generated|safe_q[0]'
Slack : -0.192
TNS   : -1.152

Type  : Minimum Pulse Width 'LPM_COUNTER10:inst16|lpm_counter:LPM_COUNTER_component|cntr_r1j:auto_generated|safe_q[0]'
Slack : -0.181
TNS   : -1.448

Type  : Minimum Pulse Width 'LPM_COUNTER10:inst17|lpm_counter:LPM_COUNTER_component|cntr_r1j:auto_generated|safe_q[0]'
Slack : -0.073
TNS   : -0.730

------------------------------------------------------------
