Analysis & Synthesis report for SPB_CPLD
Mon Nov 13 19:57:40 2023
Quartus II 64-Bit Version 13.0.1 Build 232 06/12/2013 Service Pack 1 SJ Web Edition


---------------------
; Table of Contents ;
---------------------
  1. Legal Notice
  2. Analysis & Synthesis Summary
  3. Analysis & Synthesis Settings
  4. Parallel Compilation
  5. Analysis & Synthesis Source Files Read
  6. Analysis & Synthesis IP Cores Summary
  7. Parameter Settings for User Entity Instance: LPM_COUNTER10:inst16|lpm_counter:LPM_COUNTER_component
  8. Parameter Settings for User Entity Instance: LPM_COUNTER10:inst11|lpm_counter:LPM_COUNTER_component
  9. Parameter Settings for User Entity Instance: LPM_COUNTER10:inst10|lpm_counter:LPM_COUNTER_component
 10. Parameter Settings for User Entity Instance: LPM_COUNTER10:inst17|lpm_counter:LPM_COUNTER_component
 11. Analysis & Synthesis Messages



----------------
; Legal Notice ;
----------------
Copyright (C) 1991-2013 Altera Corporation
Your use of Altera Corporation's design tools, logic functions 
and other software and tools, and its AMPP partner logic 
functions, and any output files from any of the foregoing 
(including device programming or simulation files), and any 
associated documentation or information are expressly subject 
to the terms and conditions of the Altera Program License 
Subscription Agreement, Altera MegaCore Function License 
Agreement, or other applicable license agreement, including, 
without limitation, that your use is for the sole purpose of 
programming logic devices manufactured by Altera and sold by 
Altera or its authorized distributors.  Please refer to the 
applicable agreement for further details.



+-------------------------------------------------------------------------------+
; Analysis & Synthesis Summary                                                  ;
+-----------------------------+-------------------------------------------------+
; Analysis & Synthesis Status ; Failed - Mon Nov 13 19:57:40 2023               ;
; Quartus II 64-Bit Version   ; 13.0.1 Build 232 06/12/2013 SP 1 SJ Web Edition ;
; Revision Name               ; SPB_CPLD                                        ;
; Top-level Entity Name       ; SPB_CPLD                                        ;
; Family                      ; MAX II                                          ;
+-----------------------------+-------------------------------------------------+


+----------------------------------------------------------------------------------------------------------------------+
; Analysis & Synthesis Settings                                                                                        ;
+----------------------------------------------------------------------------+--------------------+--------------------+
; Option                                                                     ; Setting            ; Default Value      ;
+----------------------------------------------------------------------------+--------------------+--------------------+
; Device                                                                     ; EPM570T144A5       ;                    ;
; Top-level entity name                                                      ; SPB_CPLD           ; SPB_CPLD           ;
; Family name                                                                ; MAX II             ; Cyclone IV GX      ;
; Use smart compilation                                                      ; Off                ; Off                ;
; Enable parallel Assembler and TimeQuest Timing Analyzer during compilation ; On                 ; On                 ;
; Enable compact report table                                                ; Off                ; Off                ;
; Restructure Multiplexers                                                   ; Auto               ; Auto               ;
; Create Debugging Nodes for IP Cores                                        ; Off                ; Off                ;
; Preserve fewer node names                                                  ; On                 ; On                 ;
; Disable OpenCore Plus hardware evaluation                                  ; Off                ; Off                ;
; Verilog Version                                                            ; Verilog_2001       ; Verilog_2001       ;
; VHDL Version                                                               ; VHDL_1993          ; VHDL_1993          ;
; State Machine Processing                                                   ; Auto               ; Auto               ;
; Safe State Machine                                                         ; Off                ; Off                ;
; Extract Verilog State Machines                                             ; On                 ; On                 ;
; Extract VHDL State Machines                                                ; On                 ; On                 ;
; Ignore Verilog initial constructs                                          ; Off                ; Off                ;
; Iteration limit for constant Verilog loops                                 ; 5000               ; 5000               ;
; Iteration limit for non-constant Verilog loops                             ; 250                ; 250                ;
; Add Pass-Through Logic to Inferred RAMs                                    ; On                 ; On                 ;
; Infer RAMs from Raw Logic                                                  ; On                 ; On                 ;
; Parallel Synthesis                                                         ; On                 ; On                 ;
; NOT Gate Push-Back                                                         ; On                 ; On                 ;
; Power-Up Don't Care                                                        ; On                 ; On                 ;
; Remove Redundant Logic Cells                                               ; Off                ; Off                ;
; Remove Duplicate Registers                                                 ; On                 ; On                 ;
; Ignore CARRY Buffers                                                       ; Off                ; Off                ;
; Ignore CASCADE Buffers                                                     ; Off                ; Off                ;
; Ignore GLOBAL Buffers                                                      ; Off                ; Off                ;
; Ignore ROW GLOBAL Buffers                                                  ; Off                ; Off                ;
; Ignore LCELL Buffers                                                       ; Off                ; Off                ;
; Ignore SOFT Buffers                                                        ; On                 ; On                 ;
; Limit AHDL Integers to 32 Bits                                             ; Off                ; Off                ;
; Optimization Technique                                                     ; Balanced           ; Balanced           ;
; Carry Chain Length                                                         ; 70                 ; 70                 ;
; Auto Carry Chains                                                          ; On                 ; On                 ;
; Auto Open-Drain Pins                                                       ; On                 ; On                 ;
; Perform WYSIWYG Primitive Resynthesis                                      ; Off                ; Off                ;
; Auto Shift Register Replacement                                            ; Auto               ; Auto               ;
; Allow Shift Register Merging across Hierarchies                            ; Auto               ; Auto               ;
; Auto Clock Enable Replacement                                              ; On                 ; On                 ;
; Allow Synchronous Control Signals                                          ; On                 ; On                 ;
; Force Use of Synchronous Clear Signals                                     ; Off                ; Off                ;
; Auto Resource Sharing                                                      ; Off                ; Off                ;
; Use LogicLock Constraints during Resource Balancing                        ; On                 ; On                 ;
; Ignore translate_off and synthesis_off directives                          ; Off                ; Off                ;
; Report Parameter Settings                                                  ; On                 ; On                 ;
; Report Source Assignments                                                  ; On                 ; On                 ;
; Report Connectivity Checks                                                 ; On                 ; On                 ;
; Ignore Maximum Fan-Out Assignments                                         ; Off                ; Off                ;
; Synchronization Register Chain Length                                      ; 2                  ; 2                  ;
; PowerPlay Power Optimization                                               ; Normal compilation ; Normal compilation ;
; HDL message level                                                          ; Level2             ; Level2             ;
; Suppress Register Optimization Related Messages                            ; Off                ; Off                ;
; Number of Removed Registers Reported in Synthesis Report                   ; 5000               ; 5000               ;
; Number of Swept Nodes Reported in Synthesis Report                         ; 5000               ; 5000               ;
; Number of Inverted Registers Reported in Synthesis Report                  ; 100                ; 100                ;
; Clock MUX Protection                                                       ; On                 ; On                 ;
; Block Design Naming                                                        ; Auto               ; Auto               ;
; Synthesis Effort                                                           ; Auto               ; Auto               ;
; Shift Register Replacement - Allow Asynchronous Clear Signal               ; On                 ; On                 ;
; Pre-Mapping Resynthesis Optimization                                       ; Off                ; Off                ;
; Analysis & Synthesis Message Level                                         ; Medium             ; Medium             ;
; Disable Register Merging Across Hierarchies                                ; Auto               ; Auto               ;
; Synthesis Seed                                                             ; 1                  ; 1                  ;
+----------------------------------------------------------------------------+--------------------+--------------------+


Parallel compilation was disabled, but you have multiple processors available. Enable parallel compilation to reduce compilation time.
+-------------------------------------+
; Parallel Compilation                ;
+----------------------------+--------+
; Processors                 ; Number ;
+----------------------------+--------+
; Number detected on machine ; 20     ;
; Maximum allowed            ; 1      ;
+----------------------------+--------+


+-------------------------------------------------------------------------------------------------------------------------------------------------------------------------------+
; Analysis & Synthesis Source Files Read                                                                                                                                        ;
+----------------------------------+-----------------+------------------------------------+---------------------------------------------------------------------------+---------+
; File Name with User-Entered Path ; Used in Netlist ; File Type                          ; File Name with Absolute Path                                              ; Library ;
+----------------------------------+-----------------+------------------------------------+---------------------------------------------------------------------------+---------+
; SPB_CPLD.bdf                     ; yes             ; User Block Diagram/Schematic File  ; C:/Users/DEV_W8V/Documents/git/TCU_CPLD/SPB_CPLD.bdf                      ;         ;
; LPM_COUNTER10.vhd                ; yes             ; User Wizard-Generated File         ; C:/Users/DEV_W8V/Documents/git/TCU_CPLD/LPM_COUNTER10.vhd                 ;         ;
; 74138.bdf                        ; yes             ; Megafunction                       ; c:/altera/13.0sp1/quartus/libraries/others/maxplus2/74138.bdf             ;         ;
; lpm_counter.tdf                  ; yes             ; Megafunction                       ; c:/altera/13.0sp1/quartus/libraries/megafunctions/lpm_counter.tdf         ;         ;
; lpm_constant.inc                 ; yes             ; Megafunction                       ; c:/altera/13.0sp1/quartus/libraries/megafunctions/lpm_constant.inc        ;         ;
; lpm_decode.inc                   ; yes             ; Megafunction                       ; c:/altera/13.0sp1/quartus/libraries/megafunctions/lpm_decode.inc          ;         ;
; lpm_add_sub.inc                  ; yes             ; Megafunction                       ; c:/altera/13.0sp1/quartus/libraries/megafunctions/lpm_add_sub.inc         ;         ;
; cmpconst.inc                     ; yes             ; Megafunction                       ; c:/altera/13.0sp1/quartus/libraries/megafunctions/cmpconst.inc            ;         ;
; lpm_compare.inc                  ; yes             ; Megafunction                       ; c:/altera/13.0sp1/quartus/libraries/megafunctions/lpm_compare.inc         ;         ;
; lpm_counter.inc                  ; yes             ; Megafunction                       ; c:/altera/13.0sp1/quartus/libraries/megafunctions/lpm_counter.inc         ;         ;
; dffeea.inc                       ; yes             ; Megafunction                       ; c:/altera/13.0sp1/quartus/libraries/megafunctions/dffeea.inc              ;         ;
; alt_counter_stratix.inc          ; yes             ; Megafunction                       ; c:/altera/13.0sp1/quartus/libraries/megafunctions/alt_counter_stratix.inc ;         ;
; aglobal130.inc                   ; yes             ; Megafunction                       ; c:/altera/13.0sp1/quartus/libraries/megafunctions/aglobal130.inc          ;         ;
; db/cntr_r1j.tdf                  ; yes             ; Auto-Generated Megafunction        ; C:/Users/DEV_W8V/Documents/git/TCU_CPLD/db/cntr_r1j.tdf                   ;         ;
; db/cmpr_1vb.tdf                  ; yes             ; Auto-Generated Megafunction        ; C:/Users/DEV_W8V/Documents/git/TCU_CPLD/db/cmpr_1vb.tdf                   ;         ;
+----------------------------------+-----------------+------------------------------------+---------------------------------------------------------------------------+---------+


+------------------------------------------------------------------------------------------------------------------------------------------------------------+
; Analysis & Synthesis IP Cores Summary                                                                                                                      ;
+--------+--------------+---------+--------------+--------------+--------------------------------+-----------------------------------------------------------+
; Vendor ; IP Core Name ; Version ; Release Date ; License Type ; Entity Instance                ; IP Include File                                           ;
+--------+--------------+---------+--------------+--------------+--------------------------------+-----------------------------------------------------------+
; Altera ; LPM_COUNTER  ; 13.0    ; N/A          ; N/A          ; |SPB_CPLD|LPM_COUNTER10:inst10 ; C:/Users/DEV_W8V/Documents/git/TCU_CPLD/LPM_COUNTER10.vhd ;
; Altera ; LPM_COUNTER  ; 13.0    ; N/A          ; N/A          ; |SPB_CPLD|LPM_COUNTER10:inst11 ; C:/Users/DEV_W8V/Documents/git/TCU_CPLD/LPM_COUNTER10.vhd ;
; Altera ; LPM_COUNTER  ; 13.0    ; N/A          ; N/A          ; |SPB_CPLD|LPM_COUNTER10:inst16 ; C:/Users/DEV_W8V/Documents/git/TCU_CPLD/LPM_COUNTER10.vhd ;
; Altera ; LPM_COUNTER  ; 13.0    ; N/A          ; N/A          ; |SPB_CPLD|LPM_COUNTER10:inst17 ; C:/Users/DEV_W8V/Documents/git/TCU_CPLD/LPM_COUNTER10.vhd ;
+--------+--------------+---------+--------------+--------------+--------------------------------+-----------------------------------------------------------+


+-----------------------------------------------------------------------------------------------------+
; Parameter Settings for User Entity Instance: LPM_COUNTER10:inst16|lpm_counter:LPM_COUNTER_component ;
+------------------------+-------------+--------------------------------------------------------------+
; Parameter Name         ; Value       ; Type                                                         ;
+------------------------+-------------+--------------------------------------------------------------+
; AUTO_CARRY_CHAINS      ; ON          ; AUTO_CARRY                                                   ;
; IGNORE_CARRY_BUFFERS   ; OFF         ; IGNORE_CARRY                                                 ;
; AUTO_CASCADE_CHAINS    ; ON          ; AUTO_CASCADE                                                 ;
; IGNORE_CASCADE_BUFFERS ; OFF         ; IGNORE_CASCADE                                               ;
; LPM_WIDTH              ; 4           ; Signed Integer                                               ;
; LPM_DIRECTION          ; UP          ; Untyped                                                      ;
; LPM_MODULUS            ; 10          ; Signed Integer                                               ;
; LPM_AVALUE             ; UNUSED      ; Untyped                                                      ;
; LPM_SVALUE             ; UNUSED      ; Untyped                                                      ;
; LPM_PORT_UPDOWN        ; PORT_UNUSED ; Untyped                                                      ;
; DEVICE_FAMILY          ; MAX II      ; Untyped                                                      ;
; CARRY_CHAIN            ; MANUAL      ; Untyped                                                      ;
; CARRY_CHAIN_LENGTH     ; 48          ; CARRY_CHAIN_LENGTH                                           ;
; NOT_GATE_PUSH_BACK     ; ON          ; NOT_GATE_PUSH_BACK                                           ;
; CARRY_CNT_EN           ; SMART       ; Untyped                                                      ;
; LABWIDE_SCLR           ; ON          ; Untyped                                                      ;
; USE_NEW_VERSION        ; TRUE        ; Untyped                                                      ;
; CBXI_PARAMETER         ; cntr_r1j    ; Untyped                                                      ;
+------------------------+-------------+--------------------------------------------------------------+
Note: In order to hide this table in the UI and the text report file, please set the "Show Parameter Settings in Synthesis Report" option in "Analysis and Synthesis Settings -> More Settings" to "Off".


+-----------------------------------------------------------------------------------------------------+
; Parameter Settings for User Entity Instance: LPM_COUNTER10:inst11|lpm_counter:LPM_COUNTER_component ;
+------------------------+-------------+--------------------------------------------------------------+
; Parameter Name         ; Value       ; Type                                                         ;
+------------------------+-------------+--------------------------------------------------------------+
; AUTO_CARRY_CHAINS      ; ON          ; AUTO_CARRY                                                   ;
; IGNORE_CARRY_BUFFERS   ; OFF         ; IGNORE_CARRY                                                 ;
; AUTO_CASCADE_CHAINS    ; ON          ; AUTO_CASCADE                                                 ;
; IGNORE_CASCADE_BUFFERS ; OFF         ; IGNORE_CASCADE                                               ;
; LPM_WIDTH              ; 4           ; Signed Integer                                               ;
; LPM_DIRECTION          ; UP          ; Untyped                                                      ;
; LPM_MODULUS            ; 10          ; Signed Integer                                               ;
; LPM_AVALUE             ; UNUSED      ; Untyped                                                      ;
; LPM_SVALUE             ; UNUSED      ; Untyped                                                      ;
; LPM_PORT_UPDOWN        ; PORT_UNUSED ; Untyped                                                      ;
; DEVICE_FAMILY          ; MAX II      ; Untyped                                                      ;
; CARRY_CHAIN            ; MANUAL      ; Untyped                                                      ;
; CARRY_CHAIN_LENGTH     ; 48          ; CARRY_CHAIN_LENGTH                                           ;
; NOT_GATE_PUSH_BACK     ; ON          ; NOT_GATE_PUSH_BACK                                           ;
; CARRY_CNT_EN           ; SMART       ; Untyped                                                      ;
; LABWIDE_SCLR           ; ON          ; Untyped                                                      ;
; USE_NEW_VERSION        ; TRUE        ; Untyped                                                      ;
; CBXI_PARAMETER         ; cntr_r1j    ; Untyped                                                      ;
+------------------------+-------------+--------------------------------------------------------------+
Note: In order to hide this table in the UI and the text report file, please set the "Show Parameter Settings in Synthesis Report" option in "Analysis and Synthesis Settings -> More Settings" to "Off".


+-----------------------------------------------------------------------------------------------------+
; Parameter Settings for User Entity Instance: LPM_COUNTER10:inst10|lpm_counter:LPM_COUNTER_component ;
+------------------------+-------------+--------------------------------------------------------------+
; Parameter Name         ; Value       ; Type                                                         ;
+------------------------+-------------+--------------------------------------------------------------+
; AUTO_CARRY_CHAINS      ; ON          ; AUTO_CARRY                                                   ;
; IGNORE_CARRY_BUFFERS   ; OFF         ; IGNORE_CARRY                                                 ;
; AUTO_CASCADE_CHAINS    ; ON          ; AUTO_CASCADE                                                 ;
; IGNORE_CASCADE_BUFFERS ; OFF         ; IGNORE_CASCADE                                               ;
; LPM_WIDTH              ; 4           ; Signed Integer                                               ;
; LPM_DIRECTION          ; UP          ; Untyped                                                      ;
; LPM_MODULUS            ; 10          ; Signed Integer                                               ;
; LPM_AVALUE             ; UNUSED      ; Untyped                                                      ;
; LPM_SVALUE             ; UNUSED      ; Untyped                                                      ;
; LPM_PORT_UPDOWN        ; PORT_UNUSED ; Untyped                                                      ;
; DEVICE_FAMILY          ; MAX II      ; Untyped                                                      ;
; CARRY_CHAIN            ; MANUAL      ; Untyped                                                      ;
; CARRY_CHAIN_LENGTH     ; 48          ; CARRY_CHAIN_LENGTH                                           ;
; NOT_GATE_PUSH_BACK     ; ON          ; NOT_GATE_PUSH_BACK                                           ;
; CARRY_CNT_EN           ; SMART       ; Untyped                                                      ;
; LABWIDE_SCLR           ; ON          ; Untyped                                                      ;
; USE_NEW_VERSION        ; TRUE        ; Untyped                                                      ;
; CBXI_PARAMETER         ; cntr_r1j    ; Untyped                                                      ;
+------------------------+-------------+--------------------------------------------------------------+
Note: In order to hide this table in the UI and the text report file, please set the "Show Parameter Settings in Synthesis Report" option in "Analysis and Synthesis Settings -> More Settings" to "Off".


+-----------------------------------------------------------------------------------------------------+
; Parameter Settings for User Entity Instance: LPM_COUNTER10:inst17|lpm_counter:LPM_COUNTER_component ;
+------------------------+-------------+--------------------------------------------------------------+
; Parameter Name         ; Value       ; Type                                                         ;
+------------------------+-------------+--------------------------------------------------------------+
; AUTO_CARRY_CHAINS      ; ON          ; AUTO_CARRY                                                   ;
; IGNORE_CARRY_BUFFERS   ; OFF         ; IGNORE_CARRY                                                 ;
; AUTO_CASCADE_CHAINS    ; ON          ; AUTO_CASCADE                                                 ;
; IGNORE_CASCADE_BUFFERS ; OFF         ; IGNORE_CASCADE                                               ;
; LPM_WIDTH              ; 4           ; Signed Integer                                               ;
; LPM_DIRECTION          ; UP          ; Untyped                                                      ;
; LPM_MODULUS            ; 10          ; Signed Integer                                               ;
; LPM_AVALUE             ; UNUSED      ; Untyped                                                      ;
; LPM_SVALUE             ; UNUSED      ; Untyped                                                      ;
; LPM_PORT_UPDOWN        ; PORT_UNUSED ; Untyped                                                      ;
; DEVICE_FAMILY          ; MAX II      ; Untyped                                                      ;
; CARRY_CHAIN            ; MANUAL      ; Untyped                                                      ;
; CARRY_CHAIN_LENGTH     ; 48          ; CARRY_CHAIN_LENGTH                                           ;
; NOT_GATE_PUSH_BACK     ; ON          ; NOT_GATE_PUSH_BACK                                           ;
; CARRY_CNT_EN           ; SMART       ; Untyped                                                      ;
; LABWIDE_SCLR           ; ON          ; Untyped                                                      ;
; USE_NEW_VERSION        ; TRUE        ; Untyped                                                      ;
; CBXI_PARAMETER         ; cntr_r1j    ; Untyped                                                      ;
+------------------------+-------------+--------------------------------------------------------------+
Note: In order to hide this table in the UI and the text report file, please set the "Show Parameter Settings in Synthesis Report" option in "Analysis and Synthesis Settings -> More Settings" to "Off".


+-------------------------------+
; Analysis & Synthesis Messages ;
+-------------------------------+
Info: *******************************************************************
Info: Running Quartus II 64-Bit Analysis & Synthesis
    Info: Version 13.0.1 Build 232 06/12/2013 Service Pack 1 SJ Web Edition
    Info: Processing started: Mon Nov 13 19:57:39 2023
Info: Command: quartus_map --read_settings_files=on --write_settings_files=off SPB_CPLD -c SPB_CPLD
Warning (20028): Parallel compilation is not licensed and has been disabled
Info (12021): Found 1 design units, including 1 entities, in source file spb_cpld.bdf
    Info (12023): Found entity 1: SPB_CPLD
Info (12021): Found 2 design units, including 1 entities, in source file lpm_counter10.vhd
    Info (12022): Found design unit 1: lpm_counter10-SYN
    Info (12023): Found entity 1: LPM_COUNTER10
Info (12021): Found 2 design units, including 1 entities, in source file lpm_shifter16.vhd
    Info (12022): Found design unit 1: lpm_shifter16-SYN
    Info (12023): Found entity 1: LPM_SHIFTER16
Info (12127): Elaborating entity "SPB_CPLD" for the top level hierarchy
Warning (275089): Not all bits in bus "BF_A[0..19]" are used
Warning (275080): Converted elements in bus name "BF_A" using legacy naming rules. Make any assignments on the new names, not on the original names.
    Warning (275081): Converted element name(s) from "BF_A[0..4]" to "BF_A0..4"
    Warning (275081): Converted element name(s) from "BF_A[17..19]" to "BF_A17..19"
Warning (275043): Pin "LED_JOY_FAST" is missing source
Warning (275043): Pin "LED_JOY_SLOW" is missing source
Warning (275043): Pin "LED_DCU_POWER" is missing source
Warning (275043): Pin "SIG_X_/RD" is missing source
Warning (275043): Pin "SIG_X_/WR" is missing source
Warning (275043): Pin "SPI_CLK_TX" is missing source
Warning (275043): Pin "SPI_CLK_RX" is missing source
Warning (275043): Pin "LED4" is missing source
Warning (275043): Pin "LED5" is missing source
Warning (275043): Pin "LED6" is missing source
Warning (275043): Pin "LED7" is missing source
Warning (275009): Pin "SIG_RDC1_LOT" not connected
Warning (275009): Pin "SIG_RDC1_DOS" not connected
Warning (275009): Pin "SIG_RDC2_LOT" not connected
Warning (275009): Pin "SIG_RDC2_DOS" not connected
Warning (275009): Pin "SIG_ADC1_/ELOC" not connected
Warning (275009): Pin "SIG_ADC2_/ELOC" not connected
Warning (275009): Pin "SIG_ADC3_/ELOC" not connected
Warning (275009): Pin "SIG_ADC4_/ELOC" not connected
Warning (275009): Pin "SPI_CLK_START" not connected
Warning (275009): Pin "/EM1WE" not connected
Warning (275009): Pin "EM1WAIT" not connected
Warning (275009): Pin "SIG_DAC1_/LDAC" not connected
Warning (275009): Pin "SIG_DAC2_/LDAC" not connected
Warning (275009): Pin "BF_A3" not connected
Warning (275009): Pin "BF_A4" not connected
Warning (275008): Primitive "GND" of instance "inst2" not used
Info (12128): Elaborating entity "74138" for hierarchy "74138:inst12"
Info (12130): Elaborated megafunction instantiation "74138:inst12"
Info (12128): Elaborating entity "LPM_COUNTER10" for hierarchy "LPM_COUNTER10:inst16"
Info (12128): Elaborating entity "lpm_counter" for hierarchy "LPM_COUNTER10:inst16|lpm_counter:LPM_COUNTER_component"
Info (12130): Elaborated megafunction instantiation "LPM_COUNTER10:inst16|lpm_counter:LPM_COUNTER_component"
Info (12133): Instantiated megafunction "LPM_COUNTER10:inst16|lpm_counter:LPM_COUNTER_component" with the following parameter:
    Info (12134): Parameter "lpm_direction" = "UP"
    Info (12134): Parameter "lpm_modulus" = "10"
    Info (12134): Parameter "lpm_port_updown" = "PORT_UNUSED"
    Info (12134): Parameter "lpm_type" = "LPM_COUNTER"
    Info (12134): Parameter "lpm_width" = "4"
Info (12021): Found 1 design units, including 1 entities, in source file db/cntr_r1j.tdf
    Info (12023): Found entity 1: cntr_r1j
Info (12128): Elaborating entity "cntr_r1j" for hierarchy "LPM_COUNTER10:inst16|lpm_counter:LPM_COUNTER_component|cntr_r1j:auto_generated"
Info (12021): Found 1 design units, including 1 entities, in source file db/cmpr_1vb.tdf
    Info (12023): Found entity 1: cmpr_1vb
Info (12128): Elaborating entity "cmpr_1vb" for hierarchy "LPM_COUNTER10:inst16|lpm_counter:LPM_COUNTER_component|cntr_r1j:auto_generated|cmpr_1vb:cmpr1"
Info (13014): Ignored 5 buffer(s)
    Info (13019): Ignored 5 SOFT buffer(s)
Warning (13034): The following nodes have both tri-state and non-tri-state drivers
    Warning (13035): Inserted always-enabled tri-state buffer between "/INT0" and its non-tri-state driver.
    Warning (13035): Inserted always-enabled tri-state buffer between "/INT1" and its non-tri-state driver.
    Warning (13035): Inserted always-enabled tri-state buffer between "EGPIO0" and its non-tri-state driver.
    Warning (13035): Inserted always-enabled tri-state buffer between "EGPIO1" and its non-tri-state driver.
Warning (13039): The following bidir pins have no drivers
    Warning (13040): Bidir "BF_D" has no driver
    Warning (13040): Bidir "BF_D" has no driver
    Warning (13040): Bidir "/INT2" has no driver
    Warning (13040): Bidir "/INT3" has no driver
    Warning (13040): Bidir "/INT4" has no driver
    Warning (13040): Bidir "/INT5" has no driver
    Warning (13040): Bidir "EGPIO2" has no driver
Error (13076): The pin "BF_D[1]" has multiple drivers due to the conflicting nodes "inst102" and "inst134"
Error (13076): The pin "BF_D[2]" has multiple drivers due to the conflicting nodes "inst103" and "inst135"
Error (13076): The pin "BF_D[3]" has multiple drivers due to the conflicting nodes "inst104" and "inst136"
Error (13076): The pin "BF_D[4]" has multiple drivers due to the conflicting nodes "inst105" and "inst137"
Error (13076): The pin "BF_D[5]" has multiple drivers due to the conflicting nodes "inst100" and "inst128"
Error: Quartus II 64-Bit Analysis & Synthesis was unsuccessful. 5 errors, 45 warnings
    Error: Peak virtual memory: 4634 megabytes
    Error: Processing ended: Mon Nov 13 19:57:40 2023
    Error: Elapsed time: 00:00:01
    Error: Total CPU time (on all processors): 00:00:00


